F                                                                        [100%]
================================== FAILURES ===================================
_______________________ test_concurrency_race_condition _______________________

    def test_concurrency_race_condition():
        # Reset the stock to 1
        reset_fixture()
    
        client = TestClient(app)
    
        def send_request():
            return client.post("/orders/1", json={"quantity": 1})
    
        # Run 2 concurrent requests to purchase 1 ticket each when stock is 1
        with concurrent.futures.ThreadPoolExecutor(max_workers=2) as executor:
            futures = [executor.submit(send_request) for _ in range(2)]
            responses = [f.result() for f in futures]
    
        success_responses = [r for r in responses if r.status_code == 201]
    
        # If the race condition is present, both requests will succeed (status_code 201),
        # meaning 2 tickets were sold when only 1 was available.
>       assert len(success_responses) == 1, f"Race condition allowed {len(success_responses)} successful orders when stock was only 1"
E       AssertionError: Race condition allowed 2 successful orders when stock was only 1
E       assert 2 == 1
E        +  where 2 = len([<Response [201 Created]>, <Response [201 Created]>])

..\..\..\results\pilot\20260829T103318Z-cc854f70\generated_tests\test_generated_baseline.py:23: AssertionError
============================== warnings summary ===============================
..\..\..\..\..\AppData\Local\Programs\Python\Python312\Lib\site-packages\fastapi\testclient.py:1
  C:\Users\Kunal\AppData\Local\Programs\Python\Python312\Lib\site-packages\fastapi\testclient.py:1: StarletteDeprecationWarning: Using `httpx` with `starlette.testclient` is deprecated; install `httpx2` instead.
    from starlette.testclient import TestClient as TestClient  # noqa

-- Docs: https://docs.pytest.org/en/stable/how-to/capture-warnings.html
=========================== short test summary info ===========================
FAILED ..\..\..\results\pilot\20260829T103318Z-cc854f70\generated_tests\test_generated_baseline.py::test_concurrency_race_condition
